<html>
<body>
<pre>
<h1>µVision Build Log</h1>
<h2>Tool Versions:</h2>
IDE-Version: µVision V5.39.0.0
Copyright (C) 2023 ARM Ltd and ARM Germany GmbH. All rights reserved.
License Information: Ehsan uddoula, HP Inc., LIC=----
 
Tool Versions:
Toolchain:       MDK-Lite  Version: 5.39.0.0
Toolchain Path:  C:\Keil_v5\ARM\ARMCLANG\Bin
C Compiler:      ArmClang.exe V6.21
Assembler:       Armasm.exe V6.21
Linker/Locator:  ArmLink.exe V6.21
Library Manager: ArmAr.exe V6.21
Hex Converter:   FromElf.exe V6.21
CPU DLL:         SARMCM3.DLL V5.39.0.0
Dialog DLL:      DCM.DLL V1.17.5.0
Target DLL:      UL2CM3.DLL V1.164.9.0
Dialog DLL:      TCM.DLL V1.56.4.0
 
<h2>Project:</h2>
C:\Users\HP\Documents\assembly\lab4\labwork.uvprojx
Project File Date:  03/12/2024

<h2>Output:</h2>
*** Using Compiler 'V6.21', folder: 'C:\Keil_v5\ARM\ARMCLANG\Bin'
Build target 'Target 1'
"task1.s", line 22 (column 9): Warning: A1865W: '#' not seen before constant expression
   22 00000010  LSL r0, 2 ;left shift 2 bit
                       ^
"task1.s", line 23 (column 9): Warning: A1865W: '#' not seen before constant expression
   23 00000014  LSR r1, 1 ;logical right shift 1 bit
                       ^
"task1.s", line 24 (column 9): Warning: A1865W: '#' not seen before constant expression
   24 00000018  LSR r2, 1 ;logical right shift 1 bit
                       ^
"task1.s", line 25 (column 9): Warning: A1865W: '#' not seen before constant expression
   25 0000001c  ASR r3, 1 ;arithmatic right shift 1 bit
                       ^
"task1.s", line 44 (column 9): Warning: A1865W: '#' not seen before constant expression
   44 00000050  LSL r0, 17
                       ^
"task1.s", line 45 (column 9): Warning: A1865W: '#' not seen before constant expression
   45 00000054  LSL r1, 25
                       ^
"task1.s", line 46 (column 9): Warning: A1865W: '#' not seen before constant expression
   46 00000058  LSL r2, 21
                       ^
"task1.s", line 47 (column 9): Warning: A1865W: '#' not seen before constant expression
   47 0000005c  LSR r0, 26
                       ^
"task1.s", line 48 (column 9): Warning: A1865W: '#' not seen before constant expression
   48 00000060  LSR r1, 26
                       ^
"task1.s", line 49 (column 9): Warning: A1865W: '#' not seen before constant expression
   49 00000064  LSR r2, 26
                       ^
"task1.s", line 60: Warning: A1581W: Added 2 bytes of padding at address 0x7a
   60 0000007c  END
0 Errors, 11 Warnings
assembling task1.s...
linking...
Program Size: Code=1048 RO-data=468 RW-data=0 ZI-data=1632  
".\Objects\labwork.axf" - 0 Error(s), 0 Warning(s).

<h2>Software Packages used:</h2>

Package Vendor: ARM
                http://www.keil.com/pack/ARM.CMSIS.5.9.0.pack
                ARM::CMSIS@5.9.0
                CMSIS (Common Microcontroller Software Interface Standard)
   * Component: CORE Version: 5.6.0

Package Vendor: Keil
                https://www.keil.com/pack/Keil.STM32F4xx_DFP.2.17.1.pack
                Keil::STM32F4xx_DFP@2.17.1
                STMicroelectronics STM32F4 Series Device Support, Drivers and Examples
   * Component: Startup Version: 2.6.3

<h2>Collection of Component include folders:</h2>
  ./RTE/_Target_1
  C:/Users/HP/AppData/Local/Arm/Packs/ARM/CMSIS/5.9.0/CMSIS/Core/Include
  C:/Users/HP/AppData/Local/Arm/Packs/Keil/STM32F4xx_DFP/2.17.1/Drivers/CMSIS/Device/ST/STM32F4xx/Include

<h2>Collection of Component Files used:</h2>

   * Component: ARM::CMSIS:CORE@5.6.0

   * Component: Keil::Device:Startup@2.6.3
      Include file:  Drivers/CMSIS/Device/ST/STM32F4xx/Include/stm32f4xx.h
      Source file:   MDK/Device/Source/ARM/STM32F4xx_OTP.s
      Source file:   MDK/Device/Source/ARM/STM32F446xx_OPT.s
      Source file:   Drivers/CMSIS/Device/ST/STM32F4xx/Source/Templates/arm/startup_stm32f446xx.s
      Source file:   Drivers/CMSIS/Device/ST/STM32F4xx/Source/Templates/system_stm32f4xx.c
Build Time Elapsed:  00:00:00
</pre>
</body>
</html>
